(base)
bryan@DESKTOP-S1KSCGC MINGW64 ~
$ conda activate dev
(dev)
bryan@DESKTOP-S1KSCGC MINGW64 ~
$ ls
'3D Objects'/
 anaconda3/
 AppData/
'Application Data'@
 Contacts/
 Cookies@
'Creative Cloud Files Personal Account bryannanzali@gmail.com 2FD024D55F18A9780A495EA1@AdobeID'/
 Documents/
 Downloads/
 Favorites/
 IntelGraphicsProfiles/
 Links/
'Local Settings'@
 Music/
'My Documents'@
 NetHood@
 NTUSER.DAT
 ntuser.dat.LOG1
 ntuser.dat.LOG2
 NTUSER.DAT{ae738b3e-016b-11ee-a54e-af538d7adc4e}.TxR.0.regtrans-ms
 NTUSER.DAT{ae738b3e-016b-11ee-a54e-af538d7adc4e}.TxR.1.regtrans-ms
 NTUSER.DAT{ae738b3e-016b-11ee-a54e-af538d7adc4e}.TxR.2.regtrans-ms
 NTUSER.DAT{ae738b3e-016b-11ee-a54e-af538d7adc4e}.TxR.blf
 NTUSER.DAT{ae738b3f-016b-11ee-a54e-af538d7adc4e}.TM.blf
 NTUSER.DAT{ae738b3f-016b-11ee-a54e-af538d7adc4e}.TMContainer00000000000000000001.regtrans-ms
 NTUSER.DAT{ae738b3f-016b-11ee-a54e-af538d7adc4e}.TMContainer00000000000000000002.regtrans-ms
 ntuser.ini
 OneDrive/
'OneDrive - Dallas College'/
 PrintHood@
 Recent@
'Saved Games'/
 Searches/
 SendTo@
'Start Menu'@
 Templates@
 test/
 Videos/
(dev)
bryan@DESKTOP-S1KSCGC MINGW64 ~
$ cd 'OneDrive - Dallas College'
(dev)
bryan@DESKTOP-S1KSCGC MINGW64 ~/OneDrive - Dallas College
$ ls
 AppData/                                                  IL_EX_1_Postings_BryannaNzali.xlsx
 Attachments/                                             'learning framework research notes.docx'
'Bibliography Notes.docx'                                 'Microsoft Teams Chat Files'/
'Bryanna @ Dallas College.url'                            'Mom homework 1-6.docx'
'Bryanna Nzali College Admission Essay Rough Draft.docx'  'My Mission Statement.docx'
'Bryanna Nzali.docx'                                       Notes.docx
'Can define religion as.docx'                             'Nzali_Bryanna Day 1.docx'
 Desktop/                                                 'Once I completed the Personality Type test.docx'
 desktop.ini                                              'PCC Syllabus.pdf'
'Discussion Board Practice.docx'                          'Physics Notes.docx'
 Document.docx                                             Pictures/
 Document1.docx                                           'Psych Review Exam 3.docx'
 Document2.docx                                            RCHS/
 Document3.docx                                           'Schoolkids Disinformation.docx'
 Document4.docx                                           'Section 32.docx'
 Document5.docx                                           'Shark-Deterrent Wetsuit Reflection.docx'
 Document6.docx                                           'Skills For Success'/
 Document7.docx                                           'TRAAP #1.docx'
 Documents/                                               'Using Visuals in Paper.docx'
'Exploratory Essay 2.docx'
(dev)
bryan@DESKTOP-S1KSCGC MINGW64 ~/OneDrive - Dallas College
$ cd Documents/
(dev)
bryan@DESKTOP-S1KSCGC MINGW64 ~/OneDrive - Dallas College/Documents
$ ls
'(Kelly Nzali) JCS STRATEGY GROUP’S DIRECT DEPOSIT AUTHORIZATION FORM.pdf'
 Adobe/
'Apartment Notice.docx'
'Bryanna Nzali Illustration Essay Final Draft   .docx'
'Bryanna Nzali Illustration Essay Rough Draft   .docx'
'Chapter 1 Review campus.docx'
'Contract for Consultancy Services (Kelly Nzali).pdf'
'Custom Office Templates'/
 desktop.ini
'Email Assignment.docx'
'Junk Food Final.docx'
'Junk Food Resources.docx'
'Kelly - note.docx'
'Kelly - Tues 11am.docx'
'labs 1, 2, 3.docx'
'Learning Framework Research Essay.docx'
 Manuela/
'Mom homework.docx'
 Notes/
 notes.docx
 NzaliBryanna_ScholarshipEssay.docx
'OneNote Notebooks'/
'Personal Fitness Program full semester.docx'
 RCHS/
'UT Austin'/
 Zoom/
(dev)
bryan@DESKTOP-S1KSCGC MINGW64 ~/OneDrive - Dallas College/Documents
$ cd Manuela/
(dev)
bryan@DESKTOP-S1KSCGC MINGW64 ~/OneDrive - Dallas College/Documents/Manuela
$ ls
'2023 tax return.pdf'               'Cover Letter.docx'  'SMU Essay.pdf'
'Anaconda for Python'/               Homework/           'tax return 2023 receipt.pdf'
'Baylor Transcript Receipt.pdf'      LearnPython/         Testing/
'BU Essay.pdf'                       Python/             'Use Resume.pdf'
 Class_Requirements/                'Python Scripts'/    'Use resumee.pdf'
 Class_Requirements.zip             'Resume (1).pdf'     'UTD Transcript.pdf'
'Code for part 1, Module 2 HW.bas'   Resume.docx
'Complete SMU Essay 2.pdf'          'SMU Essay 1.pdf'
(dev)
bryan@DESKTOP-S1KSCGC MINGW64 ~/OneDrive - Dallas College/Documents/Manuela
$ cd LearnPython/
(dev)
bryan@DESKTOP-S1KSCGC MINGW64 ~/OneDrive - Dallas College/Documents/Manuela/LearnPython
$ ls
Assignment1/  Assignment1.py
(dev)
bryan@DESKTOP-S1KSCGC MINGW64 ~/OneDrive - Dallas College/Documents/Manuela/LearnPython
$ cd Assignment1
(dev)
bryan@DESKTOP-S1KSCGC MINGW64 ~/OneDrive - Dallas College/Documents/Manuela/LearnPython/Assignment1
$ ls
Assignment2/  learning_to_use_git/  quick_python.py  quick_python2.py
(dev)
bryan@DESKTOP-S1KSCGC MINGW64 ~/OneDrive - Dallas College/Documents/Manuela/LearnPython/Assignment1
$ cd ..
(dev)
bryan@DESKTOP-S1KSCGC MINGW64 ~/OneDrive - Dallas College/Documents/Manuela/LearnPython
$ ls
Assignment1/  Assignment1.py
(dev)
bryan@DESKTOP-S1KSCGC MINGW64 ~/OneDrive - Dallas College/Documents/Manuela/LearnPython
$ mkdir Module3Challenge
(dev)
bryan@DESKTOP-S1KSCGC MINGW64 ~/OneDrive - Dallas College/Documents/Manuela/LearnPython
$ ls
Assignment1/  Assignment1.py  Module3Challenge/
(dev)
bryan@DESKTOP-S1KSCGC MINGW64 ~/OneDrive - Dallas College/Documents/Manuela/LearnPython
$ cd Module3Challenge/
(dev)
bryan@DESKTOP-S1KSCGC MINGW64 ~/OneDrive - Dallas College/Documents/Manuela/LearnPython/Module3Challenge
$ ls
(dev)
bryan@DESKTOP-S1KSCGC MINGW64 ~/OneDrive - Dallas College/Documents/Manuela/LearnPython/Module3Challenge
$ git clone git@github.com:manuelanzali/python-challenge.git
Cloning into 'python-challenge'...
remote: Enumerating objects: 3, done.
remote: Counting objects: 100% (3/3), done.
remote: Total 3 (delta 0), reused 0 (delta 0), pack-reused 0
Receiving objects: 100% (3/3), done.
(dev)
bryan@DESKTOP-S1KSCGC MINGW64 ~/OneDrive - Dallas College/Documents/Manuela/LearnPython/Module3Challenge
$ ls
python-challenge/
(dev)
bryan@DESKTOP-S1KSCGC MINGW64 ~/OneDrive - Dallas College/Documents/Manuela/LearnPython/Module3Challenge
$ cd python-challenge/
(dev)
bryan@DESKTOP-S1KSCGC MINGW64 ~/OneDrive - Dallas College/Documents/Manuela/LearnPython/Module3Challenge/python-challenge (main)
$ ls
README.md
(dev)
bryan@DESKTOP-S1KSCGC MINGW64 ~/OneDrive - Dallas College/Documents/Manuela/LearnPython/Module3Challenge/python-challenge (main)
$ mkdir PyBank
(dev)
bryan@DESKTOP-S1KSCGC MINGW64 ~/OneDrive - Dallas College/Documents/Manuela/LearnPython/Module3Challenge/python-challenge (main)
$ mkdir PyPoll
(dev)
bryan@DESKTOP-S1KSCGC MINGW64 ~/OneDrive - Dallas College/Documents/Manuela/LearnPython/Module3Challenge/python-challenge (main)
$ ls
PyBank/  PyPoll/  README.md
(dev)
bryan@DESKTOP-S1KSCGC MINGW64 ~/OneDrive - Dallas College/Documents/Manuela/LearnPython/Module3Challenge/python-challenge (main)
$ cd PyBank/
(dev)
bryan@DESKTOP-S1KSCGC MINGW64 ~/OneDrive - Dallas College/Documents/Manuela/LearnPython/Module3Challenge/python-challenge/PyBank (main)
$ ls
(dev)
bryan@DESKTOP-S1KSCGC MINGW64 ~/OneDrive - Dallas College/Documents/Manuela/LearnPython/Module3Challenge/python-challenge/PyBank (main)
$ touch main.py
(dev)
bryan@DESKTOP-S1KSCGC MINGW64 ~/OneDrive - Dallas College/Documents/Manuela/LearnPython/Module3Challenge/python-challenge/PyBank (main)
$ ls
main.py
(dev)
bryan@DESKTOP-S1KSCGC MINGW64 ~/OneDrive - Dallas College/Documents/Manuela/LearnPython/Module3Challenge/python-challenge/PyBank (main)
$ mkdir Resources
(dev)
bryan@DESKTOP-S1KSCGC MINGW64 ~/OneDrive - Dallas College/Documents/Manuela/LearnPython/Module3Challenge/python-challenge/PyBank (main)
$ mkdir analysis
(dev)
bryan@DESKTOP-S1KSCGC MINGW64 ~/OneDrive - Dallas College/Documents/Manuela/LearnPython/Module3Challenge/python-challenge/PyBank (main)
$ ls
analysis/  main.py  Resources/
(dev)
bryan@DESKTOP-S1KSCGC MINGW64 ~/OneDrive - Dallas College/Documents/Manuela/LearnPython/Module3Challenge/python-challenge/PyBank (main)
$ cd ..
(dev)
bryan@DESKTOP-S1KSCGC MINGW64 ~/OneDrive - Dallas College/Documents/Manuela/LearnPython/Module3Challenge/python-challenge (main)
$ ls
PyBank/  PyPoll/  README.md
(dev)
bryan@DESKTOP-S1KSCGC MINGW64 ~/OneDrive - Dallas College/Documents/Manuela/LearnPython/Module3Challenge/python-challenge (main)
$ cd PyPoll/
(dev)
bryan@DESKTOP-S1KSCGC MINGW64 ~/OneDrive - Dallas College/Documents/Manuela/LearnPython/Module3Challenge/python-challenge/PyPoll (main)
$ ls
(dev)
bryan@DESKTOP-S1KSCGC MINGW64 ~/OneDrive - Dallas College/Documents/Manuela/LearnPython/Module3Challenge/python-challenge/PyPoll (main)
$ touch main.py
(dev)
bryan@DESKTOP-S1KSCGC MINGW64 ~/OneDrive - Dallas College/Documents/Manuela/LearnPython/Module3Challenge/python-challenge/PyPoll (main)
$ mkdir Resources
(dev)
bryan@DESKTOP-S1KSCGC MINGW64 ~/OneDrive - Dallas College/Documents/Manuela/LearnPython/Module3Challenge/python-challenge/PyPoll (main)
$ mkdir analysis
(dev)
bryan@DESKTOP-S1KSCGC MINGW64 ~/OneDrive - Dallas College/Documents/Manuela/LearnPython/Module3Challenge/python-challenge/PyPoll (main)
$ ls
analysis/  main.py  Resources/
(dev)
bryan@DESKTOP-S1KSCGC MINGW64 ~/OneDrive - Dallas College/Documents/Manuela/LearnPython/Module3Challenge/python-challenge/PyPoll (main)
$ cd ..
(dev)
bryan@DESKTOP-S1KSCGC MINGW64 ~/OneDrive - Dallas College/Documents/Manuela/LearnPython/Module3Challenge/python-challenge (main)
$ ls
PyBank/  PyPoll/  README.md
(dev)
bryan@DESKTOP-S1KSCGC MINGW64 ~/OneDrive - Dallas College/Documents/Manuela/LearnPython/Module3Challenge/python-challenge (main)
$ cd ..
(dev)
bryan@DESKTOP-S1KSCGC MINGW64 ~/OneDrive - Dallas College/Documents/Manuela/LearnPython/Module3Challenge
$ ls
python-challenge/
(dev)
bryan@DESKTOP-S1KSCGC MINGW64 ~/OneDrive - Dallas College/Documents/Manuela/LearnPython/Module3Challenge
$ cd python-challenge/
(dev)
bryan@DESKTOP-S1KSCGC MINGW64 ~/OneDrive - Dallas College/Documents/Manuela/LearnPython/Module3Challenge/python-challenge (main)
$ ls
PyBank/  PyPoll/  README.md
(dev)
bryan@DESKTOP-S1KSCGC MINGW64 ~/OneDrive - Dallas College/Documents/Manuela/LearnPython/Module3Challenge/python-challenge (main)
$ git status
On branch main
Your branch is up to date with 'origin/main'.

Untracked files:
  (use "git add <file>..." to include in what will be committed)
        PyBank/
        PyPoll/

nothing added to commit but untracked files present (use "git add" to track)
(dev)
bryan@DESKTOP-S1KSCGC MINGW64 ~/OneDrive - Dallas College/Documents/Manuela/LearnPython/Module3Challenge/python-challenge (main)
$ git add .
(dev)
bryan@DESKTOP-S1KSCGC MINGW64 ~/OneDrive - Dallas College/Documents/Manuela/LearnPython/Module3Challenge/python-challenge (main)
$ git status
On branch main
Your branch is up to date with 'origin/main'.

Changes to be committed:
  (use "git restore --staged <file>..." to unstage)
        new file:   PyBank/main.py
        new file:   PyPoll/main.py

(dev)
bryan@DESKTOP-S1KSCGC MINGW64 ~/OneDrive - Dallas College/Documents/Manuela/LearnPython/Module3Challenge/python-challenge (main)
$ git commit -m "This is for my Module 3 Challenge HW"
[main bb5aa84] This is for my Module 3 Challenge HW
 2 files changed, 0 insertions(+), 0 deletions(-)
 create mode 100644 PyBank/main.py
 create mode 100644 PyPoll/main.py
(dev)
bryan@DESKTOP-S1KSCGC MINGW64 ~/OneDrive - Dallas College/Documents/Manuela/LearnPython/Module3Challenge/python-challenge (main)
$ git push origin main
Enumerating objects: 5, done.
Counting objects: 100% (5/5), done.
Delta compression using up to 4 threads
Compressing objects: 100% (2/2), done.
Writing objects: 100% (4/4), 352 bytes | 352.00 KiB/s, done.
Total 4 (delta 0), reused 0 (delta 0), pack-reused 0 (from 0)
To github.com:manuelanzali/python-challenge.git
   ef1e211..bb5aa84  main -> main
(dev)
bryan@DESKTOP-S1KSCGC MINGW64 ~/OneDrive - Dallas College/Documents/Manuela/LearnPython/Module3Challenge/python-challenge (main)
$ git status
On branch main
Your branch is up to date with 'origin/main'.

nothing to commit, working tree clean
(dev)
bryan@DESKTOP-S1KSCGC MINGW64 ~/OneDrive - Dallas College/Documents/Manuela/LearnPython/Module3Challenge/python-challenge (main)
$
