(base)
bryan@DESKTOP-S1KSCGC MINGW64 ~
$ conda activate dev
(dev)
bryan@DESKTOP-S1KSCGC MINGW64 ~
$ ls
'3D Objects'/
 anaconda3/
 AppData/
'Application Data'@
 Contacts/
 Cookies@
'Creative Cloud Files Personal Account bryannanzali@gmail.com 2FD024D55F18A9780A495EA1@AdobeID'/
 Documents/
 Downloads/
 Favorites/
 IntelGraphicsProfiles/
 Links/
'Local Settings'@
 Music/
'My Documents'@
 NetHood@
 NTUSER.DAT
 ntuser.dat.LOG1
 ntuser.dat.LOG2
 NTUSER.DAT{ae738b3e-016b-11ee-a54e-af538d7adc4e}.TxR.0.regtrans-ms
 NTUSER.DAT{ae738b3e-016b-11ee-a54e-af538d7adc4e}.TxR.1.regtrans-ms
 NTUSER.DAT{ae738b3e-016b-11ee-a54e-af538d7adc4e}.TxR.2.regtrans-ms
 NTUSER.DAT{ae738b3e-016b-11ee-a54e-af538d7adc4e}.TxR.blf
 NTUSER.DAT{ae738b3f-016b-11ee-a54e-af538d7adc4e}.TM.blf
 NTUSER.DAT{ae738b3f-016b-11ee-a54e-af538d7adc4e}.TMContainer00000000000000000001.regtrans-ms
 NTUSER.DAT{ae738b3f-016b-11ee-a54e-af538d7adc4e}.TMContainer00000000000000000002.regtrans-ms
 ntuser.ini
 OneDrive/
'OneDrive - Dallas College'/
 PrintHood@
 Recent@
'Saved Games'/
 Searches/
 SendTo@
'Start Menu'@
 Templates@
 test/
 Videos/
(dev)
bryan@DESKTOP-S1KSCGC MINGW64 ~
$ cd 'OneDrive - Dallas College'/
(dev)
bryan@DESKTOP-S1KSCGC MINGW64 ~/OneDrive - Dallas College
$ ls
 AppData/                                                  IL_EX_1_Postings_BryannaNzali.xlsx
 Attachments/                                             'learning framework research notes.docx'
'Bibliography Notes.docx'                                 'Microsoft Teams Chat Files'/
'Bryanna @ Dallas College.url'                            'Mom homework 1-6.docx'
'Bryanna Nzali College Admission Essay Rough Draft.docx'  'My Mission Statement.docx'
'Bryanna Nzali.docx'                                       Notes.docx
'Can define religion as.docx'                             'Nzali_Bryanna Day 1.docx'
 Desktop/                                                 'Once I completed the Personality Type test.docx'
 desktop.ini                                              'PCC Syllabus.pdf'
'Discussion Board Practice.docx'                          'Physics Notes.docx'
 Document.docx                                             Pictures/
 Document1.docx                                           'Psych Review Exam 3.docx'
 Document2.docx                                            RCHS/
 Document3.docx                                           'Schoolkids Disinformation.docx'
 Document4.docx                                           'Section 32.docx'
 Document5.docx                                           'Shark-Deterrent Wetsuit Reflection.docx'
 Document6.docx                                           'Skills For Success'/
 Document7.docx                                           'TRAAP #1.docx'
 Documents/                                               'Using Visuals in Paper.docx'
'Exploratory Essay 2.docx'
(dev)
bryan@DESKTOP-S1KSCGC MINGW64 ~/OneDrive - Dallas College
$ cd Documents/
(dev)
bryan@DESKTOP-S1KSCGC MINGW64 ~/OneDrive - Dallas College/Documents
$ ls
'(Kelly Nzali) JCS STRATEGY GROUPâ€™S DIRECT DEPOSIT AUTHORIZATION FORM.pdf'
 Adobe/
'Apartment Notice.docx'
'Bryanna Nzali Illustration Essay Final Draft   .docx'
'Bryanna Nzali Illustration Essay Rough Draft   .docx'
'Chapter 1 Review campus.docx'
'Contract for Consultancy Services (Kelly Nzali).pdf'
'Custom Office Templates'/
 desktop.ini
'Email Assignment.docx'
'Junk Food Final.docx'
'Junk Food Resources.docx'
'Kelly - note.docx'
'Kelly - Tues 11am.docx'
'labs 1, 2, 3.docx'
'Learning Framework Research Essay.docx'
 Manuela/
'Mom homework.docx'
 Notes/
 notes.docx
 NzaliBryanna_ScholarshipEssay.docx
'OneNote Notebooks'/
'Personal Fitness Program full semester.docx'
 RCHS/
'UT Austin'/
 Zoom/
(dev)
bryan@DESKTOP-S1KSCGC MINGW64 ~/OneDrive - Dallas College/Documents
$ cd Manuela/
(dev)
bryan@DESKTOP-S1KSCGC MINGW64 ~/OneDrive - Dallas College/Documents/Manuela
$ ls
'2023 tax return.pdf'               'Cover Letter.docx'  'SMU Essay.pdf'
'Anaconda for Python'/               Homework/           'tax return 2023 receipt.pdf'
'Baylor Transcript Receipt.pdf'      LearnPython/         Testing/
'BU Essay.pdf'                       Python/             'Use Resume.pdf'
 Class_Requirements/                'Python Scripts'/    'Use resumee.pdf'
 Class_Requirements.zip             'Resume (1).pdf'     'UTD Transcript.pdf'
'Code for part 1, Module 2 HW.bas'   Resume.docx
'Complete SMU Essay 2.pdf'          'SMU Essay 1.pdf'
(dev)
bryan@DESKTOP-S1KSCGC MINGW64 ~/OneDrive - Dallas College/Documents/Manuela
$ cd LearnPython/
(dev)
bryan@DESKTOP-S1KSCGC MINGW64 ~/OneDrive - Dallas College/Documents/Manuela/LearnPython
$ ls
Assignment1/  Assignment1.py  Module3Challenge/
(dev)
bryan@DESKTOP-S1KSCGC MINGW64 ~/OneDrive - Dallas College/Documents/Manuela/LearnPython
$ cd Module3Challenge/
(dev)
bryan@DESKTOP-S1KSCGC MINGW64 ~/OneDrive - Dallas College/Documents/Manuela/LearnPython/Module3Challenge
$ ls
python-challenge/
(dev)
bryan@DESKTOP-S1KSCGC MINGW64 ~/OneDrive - Dallas College/Documents/Manuela/LearnPython/Module3Challenge
$ cd python-challenge/
(dev)
bryan@DESKTOP-S1KSCGC MINGW64 ~/OneDrive - Dallas College/Documents/Manuela/LearnPython/Module3Challenge/python-challenge (main)
$ ls
 PyBank/   PyPoll/  'Python Code for pre-work.txt'   README.md
(dev)
bryan@DESKTOP-S1KSCGC MINGW64 ~/OneDrive - Dallas College/Documents/Manuela/LearnPython/Module3Challenge/python-challenge (main)
$ cd PyPoll/
(dev)
bryan@DESKTOP-S1KSCGC MINGW64 ~/OneDrive - Dallas College/Documents/Manuela/LearnPython/Module3Challenge/python-challenge/PyPoll (main)
$ ls
analysis/  main.py  Resources/
(dev)
bryan@DESKTOP-S1KSCGC MINGW64 ~/OneDrive - Dallas College/Documents/Manuela/LearnPython/Module3Challenge/python-challenge/PyPoll (main)
$ python main.py
  File "C:\Users\bryan\OneDrive - Dallas College\Documents\Manuela\LearnPython\Module3Challenge\python-challenge\PyPoll\main.py", line 51
    candidate_number_of_votes= {}
    ^
IndentationError: expected an indented block after function definition on line 50
(dev)
bryan@DESKTOP-S1KSCGC MINGW64 ~/OneDrive - Dallas College/Documents/Manuela/LearnPython/Module3Challenge/python-challenge/PyPoll (main)
$ python main.py
  File "C:\Users\bryan\OneDrive - Dallas College\Documents\Manuela\LearnPython\Module3Challenge\python-challenge\PyPoll\main.py", line 58
    if candidate not in candidate_number_of_votes
                                                 ^
SyntaxError: expected ':'
(dev)
bryan@DESKTOP-S1KSCGC MINGW64 ~/OneDrive - Dallas College/Documents/Manuela/LearnPython/Module3Challenge/python-challenge/PyPoll (main)
$ python main.py
  File "C:\Users\bryan\OneDrive - Dallas College\Documents\Manuela\LearnPython\Module3Challenge\python-challenge\PyPoll\main.py", line 85
    print(f"{candidate}: {percentage_of_votes: .3f}% + ({votes}))
          ^
SyntaxError: unterminated f-string literal (detected at line 85)
(dev)
bryan@DESKTOP-S1KSCGC MINGW64 ~/OneDrive - Dallas College/Documents/Manuela/LearnPython/Module3Challenge/python-challenge/PyPoll (main)
$ python main.py
  File "C:\Users\bryan\OneDrive - Dallas College\Documents\Manuela\LearnPython\Module3Challenge\python-challenge\PyPoll\main.py", line 62
    return candidate_number_of_votes
    ^^^^^^^^^^^^^^^^^^^^^^^^^^^^^^^^
SyntaxError: 'return' outside function
(dev)
bryan@DESKTOP-S1KSCGC MINGW64 ~/OneDrive - Dallas College/Documents/Manuela/LearnPython/Module3Challenge/python-challenge/PyPoll (main)
$ python main.py
  File "C:\Users\bryan\OneDrive - Dallas College\Documents\Manuela\LearnPython\Module3Challenge\python-challenge\PyPoll\main.py", line 69
    return percentage_of_votes
    ^^^^^^^^^^^^^^^^^^^^^^^^^^
SyntaxError: 'return' outside function
(dev)
bryan@DESKTOP-S1KSCGC MINGW64 ~/OneDrive - Dallas College/Documents/Manuela/LearnPython/Module3Challenge/python-challenge/PyPoll (main)
$ python main.py
  File "C:\Users\bryan\OneDrive - Dallas College\Documents\Manuela\LearnPython\Module3Challenge\python-challenge\PyPoll\main.py", line 69
    return percentage_of_votes
    ^^^^^^^^^^^^^^^^^^^^^^^^^^
SyntaxError: 'return' outside function
(dev)
bryan@DESKTOP-S1KSCGC MINGW64 ~/OneDrive - Dallas College/Documents/Manuela/LearnPython/Module3Challenge/python-challenge/PyPoll (main)
$ python main.py
Traceback (most recent call last):
  File "C:\Users\bryan\OneDrive - Dallas College\Documents\Manuela\LearnPython\Module3Challenge\python-challenge\PyPoll\main.py", line 46, in <module>
    candidates_list = candidates_with_votes(electiondata_csv)
                      ^^^^^^^^^^^^^^^^^^^^^^^^^^^^^^^^^^^^^^^
  File "C:\Users\bryan\OneDrive - Dallas College\Documents\Manuela\LearnPython\Module3Challenge\python-challenge\PyPoll\main.py", line 40, in candidates_with_votes
    Ballot_ID, county, candidate = print_votes(row)
    ^^^^^^^^^^^^^^^^^^^^^^^^^^^^
TypeError: cannot unpack non-iterable int object
(dev)
bryan@DESKTOP-S1KSCGC MINGW64 ~/OneDrive - Dallas College/Documents/Manuela/LearnPython/Module3Challenge/python-challenge/PyPoll (main)
$ python main.py
  File "C:\Users\bryan\OneDrive - Dallas College\Documents\Manuela\LearnPython\Module3Challenge\python-challenge\PyPoll\main.py", line 78
    print(f"Total Votes:", {total_votes}")
                                        ^
SyntaxError: unterminated string literal (detected at line 78)
(dev)
bryan@DESKTOP-S1KSCGC MINGW64 ~/OneDrive - Dallas College/Documents/Manuela/LearnPython/Module3Challenge/python-challenge/PyPoll (main)
$ python main.py
Traceback (most recent call last):
  File "C:\Users\bryan\OneDrive - Dallas College\Documents\Manuela\LearnPython\Module3Challenge\python-challenge\PyPoll\main.py", line 46, in <module>
    candidates_list = candidates_with_votes(electiondata_csv)
                      ^^^^^^^^^^^^^^^^^^^^^^^^^^^^^^^^^^^^^^^
  File "C:\Users\bryan\OneDrive - Dallas College\Documents\Manuela\LearnPython\Module3Challenge\python-challenge\PyPoll\main.py", line 40, in candidates_with_votes
    _, _, candidate = print_votes(row)
    ^^^^^^^^^^^^^^^
TypeError: cannot unpack non-iterable int object
(dev)
bryan@DESKTOP-S1KSCGC MINGW64 ~/OneDrive - Dallas College/Documents/Manuela/LearnPython/Module3Challenge/python-challenge/PyPoll (main)
$ python main.py
Traceback (most recent call last):
  File "C:\Users\bryan\OneDrive - Dallas College\Documents\Manuela\LearnPython\Module3Challenge\python-challenge\PyPoll\main.py", line 62, in <module>
    candidate_number_of_votes = calculated_votes_per_candidate(electiondata_csv)
                                ^^^^^^^^^^^^^^^^^^^^^^^^^^^^^^^^^^^^^^^^^^^^^^^^
  File "C:\Users\bryan\OneDrive - Dallas College\Documents\Manuela\LearnPython\Module3Challenge\python-challenge\PyPoll\main.py", line 51, in calculated_votes_per_candidate
    csvreader = csv.reader(csvfile)
                           ^^^^^^^
NameError: name 'csvfile' is not defined. Did you mean: 'csv_file'?
(dev)
bryan@DESKTOP-S1KSCGC MINGW64 ~/OneDrive - Dallas College/Documents/Manuela/LearnPython/Module3Challenge/python-challenge/PyPoll (main)
$ python main.py
Traceback (most recent call last):
  File "C:\Users\bryan\OneDrive - Dallas College\Documents\Manuela\LearnPython\Module3Challenge\python-challenge\PyPoll\main.py", line 62, in <module>
    candidate_number_of_votes = calculated_votes_per_candidate(electiondata_csv)
                                ^^^^^^^^^^^^^^^^^^^^^^^^^^^^^^^^^^^^^^^^^^^^^^^^
  File "C:\Users\bryan\OneDrive - Dallas College\Documents\Manuela\LearnPython\Module3Challenge\python-challenge\PyPoll\main.py", line 51, in calculated_votes_per_candidate
    csvreader = csv.reader(csvfile, delimiter=",")
                           ^^^^^^^
NameError: name 'csvfile' is not defined. Did you mean: 'csv_file'?
(dev)
bryan@DESKTOP-S1KSCGC MINGW64 ~/OneDrive - Dallas College/Documents/Manuela/LearnPython/Module3Challenge/python-challenge/PyPoll (main)
$ python main.py
Traceback (most recent call last):
  File "C:\Users\bryan\OneDrive - Dallas College\Documents\Manuela\LearnPython\Module3Challenge\python-challenge\PyPoll\main.py", line 62, in <module>
    candidate_number_of_votes = calculate_votes_per_candidate(electiondata_csv)
                                ^^^^^^^^^^^^^^^^^^^^^^^^^^^^^^^^^^^^^^^^^^^^^^^
  File "C:\Users\bryan\OneDrive - Dallas College\Documents\Manuela\LearnPython\Module3Challenge\python-challenge\PyPoll\main.py", line 57, in calculate_votes_per_candidate
    candidate_number_of_votes[candidate] += 1
    ~~~~~~~~~~~~~~~~~~~~~~~~~^^^^^^^^^^^
KeyError: 'Charles Casper Stockham'
(dev)
bryan@DESKTOP-S1KSCGC MINGW64 ~/OneDrive - Dallas College/Documents/Manuela/LearnPython/Module3Challenge/python-challenge/PyPoll (main)
$ python main.py
Election Results
----------------------------
Total Votes:, 369711
----------------------------
Charles Casper Stockham: 23.049% + (85213)
Diana DeGette: 73.812% + (272892)
Raymon Anthony Doane: 3.139% + (11606)
----------------------------
Winner: Diana DeGette
----------------------------
(dev)
bryan@DESKTOP-S1KSCGC MINGW64 ~/OneDrive - Dallas College/Documents/Manuela/LearnPython/Module3Challenge/python-challenge/PyPoll (main)
$ python main.py
Election Results
----------------------------
Total Votes: 369711
----------------------------
Charles Casper Stockham: 23.049% (85213)
Diana DeGette: 73.812% (272892)
Raymon Anthony Doane: 3.139% (11606)
----------------------------
Winner: Diana DeGette
----------------------------
(dev)
bryan@DESKTOP-S1KSCGC MINGW64 ~/OneDrive - Dallas College/Documents/Manuela/LearnPython/Module3Challenge/python-challenge/PyPoll (main)
$
